2026-09-27T14:14:58.576Z PASS: 31 storyboard frames rendered at 1920x1080; subtitles fit within two lines
2026-09-27T14:16:04.622Z START 01: 892 frames / 29.73 seconds
2026-09-27T14:16:10.401Z FRAME 01: 450/892
2026-09-27T14:16:16.131Z PASS 01: 892 frames in 11.5s
2026-09-27T14:16:16.136Z START 02: 969 frames / 32.30 seconds
2026-09-27T14:16:19.863Z FRAME 02: 450/969
2026-09-27T14:16:23.626Z FRAME 02: 900/969
2026-09-27T14:16:24.264Z PASS 02: 969 frames in 8.1s
2026-09-27T14:16:24.272Z START 03: 967 frames / 32.23 seconds
2026-09-27T14:16:27.862Z FRAME 03: 450/967
2026-09-27T14:16:31.438Z FRAME 03: 900/967
2026-09-27T14:16:32.033Z PASS 03: 967 frames in 7.8s
2026-09-27T14:16:32.039Z START 04: 995 frames / 33.17 seconds
2026-09-27T14:16:35.804Z FRAME 04: 450/995
2026-09-27T14:16:39.618Z FRAME 04: 900/995
2026-09-27T14:16:40.562Z PASS 04: 995 frames in 8.5s
2026-09-27T14:16:40.568Z START 05: 959 frames / 31.97 seconds
2026-09-27T14:16:44.587Z FRAME 05: 450/959
2026-09-27T14:16:49.208Z FRAME 05: 900/959
2026-09-27T14:16:49.877Z PASS 05: 959 frames in 9.3s
2026-09-27T14:16:49.885Z START 06: 920 frames / 30.67 seconds
2026-09-27T14:16:54.502Z FRAME 06: 450/920
2026-09-27T14:16:59.444Z FRAME 06: 900/920
2026-09-27T14:16:59.722Z PASS 06: 920 frames in 9.8s
2026-09-27T14:16:59.728Z START 07: 987 frames / 32.90 seconds
2026-09-27T14:17:05.011Z FRAME 07: 450/987
2026-09-27T14:17:10.174Z FRAME 07: 900/987
2026-09-27T14:17:11.228Z PASS 07: 987 frames in 11.5s
2026-09-27T14:17:11.234Z START 08: 1038 frames / 34.60 seconds
2026-09-27T14:17:15.353Z FRAME 08: 450/1038
2026-09-27T14:17:19.396Z FRAME 08: 900/1038
2026-09-27T14:17:20.748Z PASS 08: 1038 frames in 9.5s
2026-09-27T14:17:20.754Z START 09: 1040 frames / 34.67 seconds
2026-09-27T14:17:26.802Z FRAME 09: 450/1040
2026-09-27T14:17:31.219Z FRAME 09: 900/1040
2026-09-27T14:17:32.393Z PASS 09: 1040 frames in 11.6s
2026-09-27T14:17:32.400Z START 10: 1057 frames / 35.23 seconds
2026-09-27T14:17:35.861Z FRAME 10: 450/1057
2026-09-27T14:17:39.266Z FRAME 10: 900/1057
2026-09-27T14:17:40.543Z PASS 10: 1057 frames in 8.1s
2026-09-27T14:17:40.549Z START credits: 270 frames / 9.00 seconds
2026-09-27T14:17:42.000Z PASS credits: 270 frames in 1.5s
2026-09-27T14:17:46.570Z PASS: output/episode-01.mp4 exported, 336.47 seconds
2026-09-27T14:19:44.369Z PASS: 31 storyboard frames rendered at 1920x1080; subtitles fit within two lines
2026-09-27T14:19:44.671Z START 01: 892 frames / 29.73 seconds
2026-09-27T14:19:50.258Z FRAME 01: 450/892
2026-09-27T14:19:56.014Z PASS 01: 892 frames in 11.3s
2026-09-27T14:19:56.019Z START 02: 969 frames / 32.30 seconds
2026-09-27T14:19:59.668Z FRAME 02: 450/969
2026-09-27T14:20:03.325Z FRAME 02: 900/969
2026-09-27T14:20:03.949Z PASS 02: 969 frames in 7.9s
2026-09-27T14:20:03.955Z START 03: 967 frames / 32.23 seconds
2026-09-27T14:20:07.365Z FRAME 03: 450/967
2026-09-27T14:20:10.831Z FRAME 03: 900/967
2026-09-27T14:20:11.424Z PASS 03: 967 frames in 7.5s
2026-09-27T14:20:11.431Z START 04: 995 frames / 33.17 seconds
2026-09-27T14:20:15.159Z FRAME 04: 450/995
2026-09-27T14:20:18.919Z FRAME 04: 900/995
2026-09-27T14:20:19.766Z PASS 04: 995 frames in 8.3s
2026-09-27T14:20:19.772Z START 05: 959 frames / 31.97 seconds
2026-09-27T14:20:23.395Z FRAME 05: 450/959
2026-09-27T14:20:27.517Z FRAME 05: 900/959
2026-09-27T14:20:28.158Z PASS 05: 959 frames in 8.4s
2026-09-27T14:20:28.166Z START 06: 920 frames / 30.67 seconds
2026-09-27T14:20:32.775Z FRAME 06: 450/920
2026-09-27T14:20:37.571Z FRAME 06: 900/920
2026-09-27T14:20:37.857Z PASS 06: 920 frames in 9.7s
2026-09-27T14:20:37.863Z START 07: 987 frames / 32.90 seconds
2026-09-27T14:20:43.203Z FRAME 07: 450/987
2026-09-27T14:20:48.567Z FRAME 07: 900/987
2026-09-27T14:20:49.649Z PASS 07: 987 frames in 11.8s
2026-09-27T14:20:49.655Z START 08: 1038 frames / 34.60 seconds
2026-09-27T14:20:53.487Z FRAME 08: 450/1038
2026-09-27T14:20:57.247Z FRAME 08: 900/1038
2026-09-27T14:20:58.435Z PASS 08: 1038 frames in 8.8s
2026-09-27T14:20:58.442Z START 09: 1040 frames / 34.67 seconds
2026-09-27T14:21:01.913Z FRAME 09: 450/1040
2026-09-27T14:21:05.509Z FRAME 09: 900/1040
2026-09-27T14:21:06.669Z PASS 09: 1040 frames in 8.2s
2026-09-27T14:21:06.675Z START 10: 1057 frames / 35.23 seconds
2026-09-27T14:21:09.950Z FRAME 10: 450/1057
2026-09-27T14:21:13.352Z FRAME 10: 900/1057
2026-09-27T14:21:14.623Z PASS 10: 1057 frames in 8.0s
2026-09-27T14:21:14.629Z START credits: 270 frames / 9.00 seconds
2026-09-27T14:21:16.121Z PASS credits: 270 frames in 1.5s
2026-09-27T14:21:20.747Z PASS: output/episode-01.mp4 exported, 336.47 seconds
