2026-09-27T15:39:40.391Z PASS: 31 storyboard frames rendered at 1920x1080; subtitles fit within two lines
2026-09-27T15:41:01.584Z START 01: 1059 frames / 35.30 seconds
2026-09-27T15:41:08.864Z FRAME 01: 450/1059
2026-09-27T15:41:16.216Z FRAME 01: 900/1059
2026-09-27T15:41:19.044Z PASS 01: 1059 frames in 17.5s
2026-09-27T15:41:19.057Z START 02: 1098 frames / 36.60 seconds
2026-09-27T15:41:24.785Z FRAME 02: 450/1098
2026-09-27T15:41:30.315Z FRAME 02: 900/1098
2026-09-27T15:41:32.870Z PASS 02: 1098 frames in 13.8s
2026-09-27T15:41:32.881Z START 03: 1087 frames / 36.23 seconds
2026-09-27T15:41:38.434Z FRAME 03: 450/1087
2026-09-27T15:41:43.690Z FRAME 03: 900/1087
2026-09-27T15:41:46.174Z PASS 03: 1087 frames in 13.3s
2026-09-27T15:41:46.187Z START 04: 1109 frames / 36.97 seconds
2026-09-27T15:41:51.865Z FRAME 04: 450/1109
2026-09-27T15:41:57.905Z FRAME 04: 900/1109
2026-09-27T15:42:00.890Z PASS 04: 1109 frames in 14.7s
2026-09-27T15:42:00.901Z START 05: 1092 frames / 36.40 seconds
2026-09-27T15:42:06.493Z FRAME 05: 450/1092
2026-09-27T15:42:11.754Z FRAME 05: 900/1092
2026-09-27T15:42:14.008Z PASS 05: 1092 frames in 13.1s
2026-09-27T15:42:14.019Z START 06: 1117 frames / 37.23 seconds
2026-09-27T15:42:19.428Z FRAME 06: 450/1117
2026-09-27T15:42:24.735Z FRAME 06: 900/1117
2026-09-27T15:42:27.628Z PASS 06: 1117 frames in 13.6s
2026-09-27T15:42:27.641Z START 07: 1116 frames / 37.20 seconds
2026-09-27T15:42:33.932Z FRAME 07: 450/1116
2026-09-27T15:42:40.617Z FRAME 07: 900/1116
2026-09-27T15:42:43.831Z PASS 07: 1116 frames in 16.2s
2026-09-27T15:42:43.843Z START 08: 1129 frames / 37.63 seconds
2026-09-27T15:42:49.580Z FRAME 08: 450/1129
2026-09-27T15:42:55.501Z FRAME 08: 900/1129
2026-09-27T15:42:58.604Z PASS 08: 1129 frames in 14.8s
2026-09-27T15:42:58.617Z START 09: 1086 frames / 36.20 seconds
2026-09-27T15:43:06.440Z FRAME 09: 450/1086
2026-09-27T15:43:11.573Z FRAME 09: 900/1086
2026-09-27T15:43:13.507Z PASS 09: 1086 frames in 14.9s
2026-09-27T15:43:13.516Z START 10: 1074 frames / 35.80 seconds
2026-09-27T15:43:18.355Z FRAME 10: 450/1074
2026-09-27T15:43:24.108Z FRAME 10: 900/1074
2026-09-27T15:43:26.736Z PASS 10: 1074 frames in 13.2s
2026-09-27T15:43:26.749Z START credits: 270 frames / 9.00 seconds
2026-09-27T15:43:29.195Z PASS credits: 270 frames in 2.5s
2026-09-27T15:43:36.255Z PASS: output/episode-04/episode-04.mp4 exported, 374.57 seconds
2026-09-27T15:45:28.248Z PASS: 31 storyboard frames rendered at 1920x1080; subtitles fit within two lines
2026-09-27T15:45:28.568Z START 01: 1059 frames / 35.30 seconds
2026-09-27T15:45:35.945Z FRAME 01: 450/1059
2026-09-27T15:45:43.422Z FRAME 01: 900/1059
2026-09-27T15:45:46.071Z PASS 01: 1059 frames in 17.5s
2026-09-27T15:45:46.085Z START 02: 1098 frames / 36.60 seconds
2026-09-27T15:45:51.860Z FRAME 02: 450/1098
2026-09-27T15:45:57.638Z FRAME 02: 900/1098
2026-09-27T15:46:00.199Z PASS 02: 1098 frames in 14.1s
2026-09-27T15:46:00.209Z START 03: 1087 frames / 36.23 seconds
2026-09-27T15:46:05.930Z FRAME 03: 450/1087
2026-09-27T15:46:11.491Z FRAME 03: 900/1087
2026-09-27T15:46:13.953Z PASS 03: 1087 frames in 13.8s
2026-09-27T15:46:13.967Z START 04: 1109 frames / 36.97 seconds
2026-09-27T15:46:19.724Z FRAME 04: 450/1109
2026-09-27T15:46:25.782Z FRAME 04: 900/1109
2026-09-27T15:46:28.730Z PASS 04: 1109 frames in 14.8s
2026-09-27T15:46:28.742Z START 05: 1092 frames / 36.40 seconds
2026-09-27T15:46:34.365Z FRAME 05: 450/1092
2026-09-27T15:46:39.768Z FRAME 05: 900/1092
2026-09-27T15:46:42.074Z PASS 05: 1092 frames in 13.3s
2026-09-27T15:46:42.087Z START 06: 1117 frames / 37.23 seconds
2026-09-27T15:46:47.686Z FRAME 06: 450/1117
2026-09-27T15:46:53.534Z FRAME 06: 900/1117
2026-09-27T15:46:56.501Z PASS 06: 1117 frames in 14.4s
2026-09-27T15:46:56.513Z START 07: 1116 frames / 37.20 seconds
2026-09-27T15:47:02.984Z FRAME 07: 450/1116
2026-09-27T15:47:09.535Z FRAME 07: 900/1116
2026-09-27T15:47:12.808Z PASS 07: 1116 frames in 16.3s
2026-09-27T15:47:12.821Z START 08: 1129 frames / 37.63 seconds
2026-09-27T15:47:18.751Z FRAME 08: 450/1129
2026-09-27T15:47:24.574Z FRAME 08: 900/1129
2026-09-27T15:47:27.784Z PASS 08: 1129 frames in 15.0s
2026-09-27T15:47:27.792Z START 09: 1086 frames / 36.20 seconds
2026-09-27T15:47:35.785Z FRAME 09: 450/1086
2026-09-27T15:47:40.542Z FRAME 09: 900/1086
2026-09-27T15:47:42.536Z PASS 09: 1086 frames in 14.8s
2026-09-27T15:47:42.552Z START 10: 1074 frames / 35.80 seconds
2026-09-27T15:47:48.100Z FRAME 10: 450/1074
2026-09-27T15:47:53.765Z FRAME 10: 900/1074
2026-09-27T15:47:55.683Z PASS 10: 1074 frames in 13.1s
2026-09-27T15:47:55.694Z START credits: 270 frames / 9.00 seconds
2026-09-27T15:47:58.280Z PASS credits: 270 frames in 2.6s
2026-09-27T15:48:07.197Z PASS: output/episode-04/episode-04.mp4 exported, 374.57 seconds
2026-09-27T23:44:08.656Z PASS: 31 storyboard frames rendered at 1920x1080; subtitles fit within two lines
2026-09-27T23:49:16.547Z START 01: 1059 frames / 35.30 seconds
2026-09-27T23:49:21.916Z FRAME 01: 450/1059
2026-09-27T23:49:27.164Z FRAME 01: 900/1059
2026-09-27T23:49:29.162Z PASS 01: 1059 frames in 12.6s
2026-09-27T23:49:29.171Z START 02: 1098 frames / 36.60 seconds
2026-09-27T23:49:33.434Z FRAME 02: 450/1098
2026-09-27T23:49:37.619Z FRAME 02: 900/1098
2026-09-27T23:49:39.593Z PASS 02: 1098 frames in 10.4s
2026-09-27T23:49:39.606Z START 03: 1087 frames / 36.23 seconds
2026-09-27T23:49:43.524Z FRAME 03: 450/1087
2026-09-27T23:49:47.319Z FRAME 03: 900/1087
2026-09-27T23:49:49.021Z PASS 03: 1087 frames in 9.4s
2026-09-27T23:49:49.028Z START 04: 1109 frames / 36.97 seconds
2026-09-27T23:49:52.931Z FRAME 04: 450/1109
2026-09-27T23:49:57.182Z FRAME 04: 900/1109
2026-09-27T23:49:59.317Z PASS 04: 1109 frames in 10.3s
2026-09-27T23:49:59.330Z START 05: 1092 frames / 36.40 seconds
2026-09-27T23:50:03.137Z FRAME 05: 450/1092
2026-09-27T23:50:06.766Z FRAME 05: 900/1092
2026-09-27T23:50:08.376Z PASS 05: 1092 frames in 9.1s
2026-09-27T23:50:08.386Z START 06: 1117 frames / 37.23 seconds
2026-09-27T23:50:12.561Z FRAME 06: 450/1117
2026-09-27T23:50:16.613Z FRAME 06: 900/1117
2026-09-27T23:50:19.097Z PASS 06: 1117 frames in 10.7s
2026-09-27T23:50:19.106Z START 07: 1116 frames / 37.20 seconds
2026-09-27T23:50:23.936Z FRAME 07: 450/1116
2026-09-27T23:50:29.065Z FRAME 07: 900/1116
2026-09-27T23:50:31.526Z PASS 07: 1116 frames in 12.4s
2026-09-27T23:50:31.537Z START 08: 1129 frames / 37.63 seconds
2026-09-27T23:50:36.128Z FRAME 08: 450/1129
2026-09-27T23:50:41.700Z FRAME 08: 900/1129
2026-09-27T23:50:44.462Z PASS 08: 1129 frames in 12.9s
2026-09-27T23:50:44.471Z START 09: 1086 frames / 36.20 seconds
2026-09-27T23:50:51.578Z FRAME 09: 450/1086
2026-09-27T23:50:56.139Z FRAME 09: 900/1086
2026-09-27T23:50:57.828Z PASS 09: 1086 frames in 13.4s
2026-09-27T23:50:57.835Z START 10: 1074 frames / 35.80 seconds
2026-09-27T23:51:02.203Z FRAME 10: 450/1074
2026-09-27T23:51:06.992Z FRAME 10: 900/1074
2026-09-27T23:51:09.356Z PASS 10: 1074 frames in 11.5s
2026-09-27T23:51:09.366Z START credits: 270 frames / 9.00 seconds
2026-09-27T23:51:12.259Z PASS credits: 270 frames in 2.9s
2026-09-27T23:51:19.470Z PASS: output/episode-04/episode-04.mp4 exported, 374.57 seconds
2026-09-28T03:57:26.881Z PASS: 31 storyboard frames rendered at 1920x1080; subtitles fit within two lines
2026-09-28T03:59:20.723Z START 01: 1059 frames / 35.30 seconds
2026-09-28T03:59:28.040Z FRAME 01: 450/1059
2026-09-28T03:59:35.504Z FRAME 01: 900/1059
2026-09-28T03:59:38.413Z PASS 01: 1059 frames in 17.7s
2026-09-28T03:59:38.424Z START 02: 1098 frames / 36.60 seconds
2026-09-28T03:59:44.553Z FRAME 02: 450/1098
2026-09-28T03:59:50.387Z FRAME 02: 900/1098
2026-09-28T03:59:52.967Z PASS 02: 1098 frames in 14.6s
2026-09-28T03:59:52.978Z START 03: 1087 frames / 36.23 seconds
2026-09-28T03:59:58.745Z FRAME 03: 450/1087
2026-09-28T04:00:04.562Z FRAME 03: 900/1087
2026-09-28T04:00:07.049Z PASS 03: 1087 frames in 14.1s
2026-09-28T04:00:07.060Z START 04: 1109 frames / 36.97 seconds
2026-09-28T04:00:12.931Z FRAME 04: 450/1109
2026-09-28T04:00:19.415Z FRAME 04: 900/1109
2026-09-28T04:00:22.428Z PASS 04: 1109 frames in 15.4s
2026-09-28T04:00:22.440Z START 05: 1092 frames / 36.40 seconds
2026-09-28T04:00:27.948Z FRAME 05: 450/1092
2026-09-28T04:00:33.223Z FRAME 05: 900/1092
2026-09-28T04:00:35.449Z PASS 05: 1092 frames in 13.0s
2026-09-28T04:00:35.462Z START 06: 1117 frames / 37.23 seconds
2026-09-28T04:00:40.941Z FRAME 06: 450/1117
2026-09-28T04:00:46.559Z FRAME 06: 900/1117
2026-09-28T04:00:49.611Z PASS 06: 1117 frames in 14.2s
2026-09-28T04:00:49.622Z START 07: 1116 frames / 37.20 seconds
2026-09-28T04:00:56.189Z FRAME 07: 450/1116
2026-09-28T04:01:02.716Z FRAME 07: 900/1116
2026-09-28T04:01:05.921Z PASS 07: 1116 frames in 16.3s
2026-09-28T04:01:05.938Z START 08: 1129 frames / 37.63 seconds
2026-09-28T04:01:11.965Z FRAME 08: 450/1129
2026-09-28T04:01:18.106Z FRAME 08: 900/1129
2026-09-28T04:01:21.537Z PASS 08: 1129 frames in 15.6s
2026-09-28T04:01:21.549Z START 09: 1086 frames / 36.20 seconds
2026-09-28T04:01:29.837Z FRAME 09: 450/1086
2026-09-28T04:01:35.979Z FRAME 09: 900/1086
2026-09-28T04:01:37.998Z PASS 09: 1086 frames in 16.5s
2026-09-28T04:01:38.010Z START 10: 1074 frames / 35.80 seconds
2026-09-28T04:01:43.139Z FRAME 10: 450/1074
2026-09-28T04:01:49.075Z FRAME 10: 900/1074
2026-09-28T04:01:51.834Z PASS 10: 1074 frames in 13.8s
2026-09-28T04:01:51.851Z START credits: 270 frames / 9.00 seconds
2026-09-28T04:01:54.631Z PASS credits: 270 frames in 2.8s
2026-09-28T04:02:01.547Z PASS: output/episode-04/episode-04.mp4 exported, 374.57 seconds
