2026-09-27T15:39:37.950Z PASS: 31 storyboard frames rendered at 1920x1080; subtitles fit within two lines
2026-09-27T15:41:01.576Z START 01: 1047 frames / 34.90 seconds
2026-09-27T15:41:08.573Z FRAME 01: 450/1047
2026-09-27T15:41:15.479Z FRAME 01: 900/1047
2026-09-27T15:41:17.881Z PASS 01: 1047 frames in 16.3s
2026-09-27T15:41:17.891Z START 02: 1033 frames / 34.43 seconds
2026-09-27T15:41:24.118Z FRAME 02: 450/1033
2026-09-27T15:41:30.133Z FRAME 02: 900/1033
2026-09-27T15:41:31.946Z PASS 02: 1033 frames in 14.1s
2026-09-27T15:41:31.955Z START 03: 1056 frames / 35.20 seconds
2026-09-27T15:41:39.516Z FRAME 03: 450/1056
2026-09-27T15:41:47.230Z FRAME 03: 900/1056
2026-09-27T15:41:49.904Z PASS 03: 1056 frames in 18.0s
2026-09-27T15:41:49.914Z START 04: 1110 frames / 37.00 seconds
2026-09-27T15:41:55.530Z FRAME 04: 450/1110
2026-09-27T15:42:01.523Z FRAME 04: 900/1110
2026-09-27T15:42:04.623Z PASS 04: 1110 frames in 14.7s
2026-09-27T15:42:04.637Z START 05: 1126 frames / 37.53 seconds
2026-09-27T15:42:12.592Z FRAME 05: 450/1126
2026-09-27T15:42:20.521Z FRAME 05: 900/1126
2026-09-27T15:42:24.651Z PASS 05: 1126 frames in 20.0s
2026-09-27T15:42:24.665Z START 06: 1110 frames / 37.00 seconds
2026-09-27T15:42:30.422Z FRAME 06: 450/1110
2026-09-27T15:42:36.266Z FRAME 06: 900/1110
2026-09-27T15:42:39.028Z PASS 06: 1110 frames in 14.4s
2026-09-27T15:42:39.038Z START 07: 1095 frames / 36.50 seconds
2026-09-27T15:42:44.810Z FRAME 07: 450/1095
2026-09-27T15:42:50.798Z FRAME 07: 900/1095
2026-09-27T15:42:53.386Z PASS 07: 1095 frames in 14.4s
2026-09-27T15:42:53.399Z START 08: 1069 frames / 35.63 seconds
2026-09-27T15:42:59.300Z FRAME 08: 450/1069
2026-09-27T15:43:05.021Z FRAME 08: 900/1069
2026-09-27T15:43:07.264Z PASS 08: 1069 frames in 13.9s
2026-09-27T15:43:07.281Z START 09: 1076 frames / 35.87 seconds
2026-09-27T15:43:14.940Z FRAME 09: 450/1076
2026-09-27T15:43:22.370Z FRAME 09: 900/1076
2026-09-27T15:43:25.467Z PASS 09: 1076 frames in 18.2s
2026-09-27T15:43:25.479Z START 10: 1074 frames / 35.80 seconds
2026-09-27T15:43:29.738Z FRAME 10: 450/1074
2026-09-27T15:43:32.561Z FRAME 10: 900/1074
2026-09-27T15:43:33.837Z PASS 10: 1074 frames in 8.4s
2026-09-27T15:43:33.848Z START credits: 270 frames / 9.00 seconds
2026-09-27T15:43:37.316Z PASS credits: 270 frames in 3.5s
2026-09-27T15:43:47.954Z PASS: output/episode-03/episode-03.mp4 exported, 368.87 seconds
2026-09-27T15:45:28.243Z PASS: 31 storyboard frames rendered at 1920x1080; subtitles fit within two lines
2026-09-27T15:45:28.583Z START 01: 1047 frames / 34.90 seconds
2026-09-27T15:45:35.436Z FRAME 01: 450/1047
2026-09-27T15:45:42.528Z FRAME 01: 900/1047
2026-09-27T15:45:44.955Z PASS 01: 1047 frames in 16.4s
2026-09-27T15:45:44.964Z START 02: 1033 frames / 34.43 seconds
2026-09-27T15:45:51.210Z FRAME 02: 450/1033
2026-09-27T15:45:57.086Z FRAME 02: 900/1033
2026-09-27T15:45:58.840Z PASS 02: 1033 frames in 13.9s
2026-09-27T15:45:58.852Z START 03: 1056 frames / 35.20 seconds
2026-09-27T15:46:06.281Z FRAME 03: 450/1056
2026-09-27T15:46:13.726Z FRAME 03: 900/1056
2026-09-27T15:46:16.381Z PASS 03: 1056 frames in 17.5s
2026-09-27T15:46:16.392Z START 04: 1110 frames / 37.00 seconds
2026-09-27T15:46:22.201Z FRAME 04: 450/1110
2026-09-27T15:46:28.320Z FRAME 04: 900/1110
2026-09-27T15:46:31.356Z PASS 04: 1110 frames in 15.0s
2026-09-27T15:46:31.366Z START 05: 1126 frames / 37.53 seconds
2026-09-27T15:46:39.481Z FRAME 05: 450/1126
2026-09-27T15:46:47.487Z FRAME 05: 900/1126
2026-09-27T15:46:51.654Z PASS 05: 1126 frames in 20.3s
2026-09-27T15:46:51.669Z START 06: 1110 frames / 37.00 seconds
2026-09-27T15:46:57.333Z FRAME 06: 450/1110
2026-09-27T15:47:03.157Z FRAME 06: 900/1110
2026-09-27T15:47:05.892Z PASS 06: 1110 frames in 14.2s
2026-09-27T15:47:05.907Z START 07: 1095 frames / 36.50 seconds
2026-09-27T15:47:11.615Z FRAME 07: 450/1095
2026-09-27T15:47:17.494Z FRAME 07: 900/1095
2026-09-27T15:47:20.045Z PASS 07: 1095 frames in 14.2s
2026-09-27T15:47:20.059Z START 08: 1069 frames / 35.63 seconds
2026-09-27T15:47:26.064Z FRAME 08: 450/1069
2026-09-27T15:47:31.996Z FRAME 08: 900/1069
2026-09-27T15:47:34.198Z PASS 08: 1069 frames in 14.2s
2026-09-27T15:47:34.212Z START 09: 1076 frames / 35.87 seconds
2026-09-27T15:47:41.403Z FRAME 09: 450/1076
2026-09-27T15:47:49.107Z FRAME 09: 900/1076
2026-09-27T15:47:52.263Z PASS 09: 1076 frames in 18.1s
2026-09-27T15:47:52.271Z START 10: 1074 frames / 35.80 seconds
2026-09-27T15:47:56.118Z FRAME 10: 450/1074
2026-09-27T15:47:59.555Z FRAME 10: 900/1074
2026-09-27T15:48:00.890Z PASS 10: 1074 frames in 8.6s
2026-09-27T15:48:00.920Z START credits: 270 frames / 9.00 seconds
2026-09-27T15:48:06.455Z PASS credits: 270 frames in 5.6s
2026-09-27T15:48:16.245Z PASS: output/episode-03/episode-03.mp4 exported, 368.87 seconds
2026-09-27T23:44:06.203Z PASS: 31 storyboard frames rendered at 1920x1080; subtitles fit within two lines
2026-09-27T23:49:16.546Z START 01: 1047 frames / 34.90 seconds
2026-09-27T23:49:21.482Z FRAME 01: 450/1047
2026-09-27T23:49:26.375Z FRAME 01: 900/1047
2026-09-27T23:49:27.954Z PASS 01: 1047 frames in 11.4s
2026-09-27T23:49:27.964Z START 02: 1033 frames / 34.43 seconds
2026-09-27T23:49:32.390Z FRAME 02: 450/1033
2026-09-27T23:49:36.577Z FRAME 02: 900/1033
2026-09-27T23:49:37.989Z PASS 02: 1033 frames in 10.0s
2026-09-27T23:49:38.000Z START 03: 1056 frames / 35.20 seconds
2026-09-27T23:49:43.638Z FRAME 03: 450/1056
2026-09-27T23:49:49.075Z FRAME 03: 900/1056
2026-09-27T23:49:51.103Z PASS 03: 1056 frames in 13.1s
2026-09-27T23:49:51.117Z START 04: 1110 frames / 37.00 seconds
2026-09-27T23:49:55.228Z FRAME 04: 450/1110
2026-09-27T23:49:59.511Z FRAME 04: 900/1110
2026-09-27T23:50:01.660Z PASS 04: 1110 frames in 10.6s
2026-09-27T23:50:01.668Z START 05: 1126 frames / 37.53 seconds
2026-09-27T23:50:07.339Z FRAME 05: 450/1126
2026-09-27T23:50:13.786Z FRAME 05: 900/1126
2026-09-27T23:50:16.818Z PASS 05: 1126 frames in 15.2s
2026-09-27T23:50:16.830Z START 06: 1110 frames / 37.00 seconds
2026-09-27T23:50:21.248Z FRAME 06: 450/1110
2026-09-27T23:50:25.325Z FRAME 06: 900/1110
2026-09-27T23:50:27.373Z PASS 06: 1110 frames in 10.6s
2026-09-27T23:50:27.382Z START 07: 1095 frames / 36.50 seconds
2026-09-27T23:50:31.700Z FRAME 07: 450/1095
2026-09-27T23:50:36.360Z FRAME 07: 900/1095
2026-09-27T23:50:38.891Z PASS 07: 1095 frames in 11.5s
2026-09-27T23:50:38.900Z START 08: 1069 frames / 35.63 seconds
2026-09-27T23:50:44.429Z FRAME 08: 450/1069
2026-09-27T23:50:49.306Z FRAME 08: 900/1069
2026-09-27T23:50:51.105Z PASS 08: 1069 frames in 12.2s
2026-09-27T23:50:51.113Z START 09: 1076 frames / 35.87 seconds
2026-09-27T23:50:57.879Z FRAME 09: 450/1076
2026-09-27T23:51:04.344Z FRAME 09: 900/1076
2026-09-27T23:51:06.931Z PASS 09: 1076 frames in 15.8s
2026-09-27T23:51:06.941Z START 10: 1254 frames / 41.80 seconds
2026-09-27T23:51:11.678Z FRAME 10: 450/1254
2026-09-27T23:51:14.867Z FRAME 10: 900/1254
2026-09-27T23:51:17.854Z PASS 10: 1254 frames in 10.9s
2026-09-27T23:51:17.865Z START credits: 270 frames / 9.00 seconds
2026-09-27T23:51:19.826Z PASS credits: 270 frames in 2.0s
2026-09-27T23:51:29.024Z PASS: output/episode-03/episode-03.mp4 exported, 374.87 seconds
2026-09-28T03:57:24.432Z PASS: 31 storyboard frames rendered at 1920x1080; subtitles fit within two lines
2026-09-28T03:59:20.717Z START 01: 1047 frames / 34.90 seconds
2026-09-28T03:59:27.641Z FRAME 01: 450/1047
2026-09-28T03:59:34.573Z FRAME 01: 900/1047
2026-09-28T03:59:36.923Z PASS 01: 1047 frames in 16.2s
2026-09-28T03:59:36.934Z START 02: 1033 frames / 34.43 seconds
2026-09-28T03:59:43.526Z FRAME 02: 450/1033
2026-09-28T03:59:49.691Z FRAME 02: 900/1033
2026-09-28T03:59:51.506Z PASS 02: 1033 frames in 14.6s
2026-09-28T03:59:51.517Z START 03: 1056 frames / 35.20 seconds
2026-09-28T03:59:58.947Z FRAME 03: 450/1056
2026-09-28T04:00:06.813Z FRAME 03: 900/1056
2026-09-28T04:00:09.610Z PASS 03: 1056 frames in 18.1s
2026-09-28T04:00:09.619Z START 04: 1110 frames / 37.00 seconds
2026-09-28T04:00:15.774Z FRAME 04: 450/1110
2026-09-28T04:00:22.240Z FRAME 04: 900/1110
2026-09-28T04:00:25.331Z PASS 04: 1110 frames in 15.7s
2026-09-28T04:00:25.343Z START 05: 1126 frames / 37.53 seconds
2026-09-28T04:00:33.449Z FRAME 05: 450/1126
2026-09-28T04:00:41.536Z FRAME 05: 900/1126
2026-09-28T04:00:45.638Z PASS 05: 1126 frames in 20.3s
2026-09-28T04:00:45.648Z START 06: 1110 frames / 37.00 seconds
2026-09-28T04:00:51.501Z FRAME 06: 450/1110
2026-09-28T04:00:57.245Z FRAME 06: 900/1110
2026-09-28T04:00:59.972Z PASS 06: 1110 frames in 14.3s
2026-09-28T04:00:59.986Z START 07: 1095 frames / 36.50 seconds
2026-09-28T04:01:05.824Z FRAME 07: 450/1095
2026-09-28T04:01:11.925Z FRAME 07: 900/1095
2026-09-28T04:01:14.763Z PASS 07: 1095 frames in 14.8s
2026-09-28T04:01:14.775Z START 08: 1069 frames / 35.63 seconds
2026-09-28T04:01:21.140Z FRAME 08: 450/1069
2026-09-28T04:01:26.861Z FRAME 08: 900/1069
2026-09-28T04:01:29.258Z PASS 08: 1069 frames in 14.5s
2026-09-28T04:01:29.267Z START 09: 1076 frames / 35.87 seconds
2026-09-28T04:01:37.982Z FRAME 09: 450/1076
2026-09-28T04:01:45.401Z FRAME 09: 900/1076
2026-09-28T04:01:48.610Z PASS 09: 1076 frames in 19.4s
2026-09-28T04:01:48.623Z START 10: 1254 frames / 41.80 seconds
2026-09-28T04:01:54.014Z FRAME 10: 450/1254
2026-09-28T04:01:56.962Z FRAME 10: 900/1254
2026-09-28T04:01:59.567Z PASS 10: 1254 frames in 11.0s
2026-09-28T04:01:59.591Z START credits: 270 frames / 9.00 seconds
2026-09-28T04:02:02.008Z PASS credits: 270 frames in 2.4s
2026-09-28T04:02:12.871Z PASS: output/episode-03/episode-03.mp4 exported, 374.87 seconds
