2026-09-27T15:09:52.353Z PASS: 31 storyboard frames rendered at 1920x1080; subtitles fit within two lines
2026-09-27T15:10:45.753Z START 01: 1031 frames / 34.37 seconds
2026-09-27T15:10:49.096Z FRAME 01: 450/1031
2026-09-27T15:10:52.912Z FRAME 01: 900/1031
2026-09-27T15:10:54.057Z PASS 01: 1031 frames in 8.3s
2026-09-27T15:10:54.063Z START 02: 1101 frames / 36.70 seconds
2026-09-27T15:10:56.463Z FRAME 02: 450/1101
2026-09-27T15:10:59.122Z FRAME 02: 900/1101
2026-09-27T15:11:00.335Z PASS 02: 1101 frames in 6.3s
2026-09-27T15:11:00.345Z START 03: 1000 frames / 33.33 seconds
2026-09-27T15:11:02.939Z FRAME 03: 450/1000
2026-09-27T15:11:05.554Z FRAME 03: 900/1000
2026-09-27T15:11:06.169Z PASS 03: 1000 frames in 5.8s
2026-09-27T15:11:06.175Z START 04: 1019 frames / 33.97 seconds
2026-09-27T15:11:08.698Z FRAME 04: 450/1019
2026-09-27T15:11:11.131Z FRAME 04: 900/1019
2026-09-27T15:11:11.894Z PASS 04: 1019 frames in 5.7s
2026-09-27T15:11:11.901Z START 05: 1032 frames / 34.40 seconds
2026-09-27T15:11:14.441Z FRAME 05: 450/1032
2026-09-27T15:11:17.041Z FRAME 05: 900/1032
2026-09-27T15:11:17.860Z PASS 05: 1032 frames in 6.0s
2026-09-27T15:11:17.870Z START 06: 1023 frames / 34.10 seconds
2026-09-27T15:11:20.505Z FRAME 06: 450/1023
2026-09-27T15:11:22.955Z FRAME 06: 900/1023
2026-09-27T15:11:23.742Z PASS 06: 1023 frames in 5.9s
2026-09-27T15:11:23.749Z START 07: 1092 frames / 36.40 seconds
2026-09-27T15:11:26.303Z FRAME 07: 450/1092
2026-09-27T15:11:28.972Z FRAME 07: 900/1092
2026-09-27T15:11:30.257Z PASS 07: 1092 frames in 6.5s
2026-09-27T15:11:30.263Z START 08: 1096 frames / 36.53 seconds
2026-09-27T15:11:32.895Z FRAME 08: 450/1096
2026-09-27T15:11:35.782Z FRAME 08: 900/1096
2026-09-27T15:11:37.052Z PASS 08: 1096 frames in 6.8s
2026-09-27T15:11:37.059Z START 09: 1087 frames / 36.23 seconds
2026-09-27T15:11:39.644Z FRAME 09: 450/1087
2026-09-27T15:11:42.209Z FRAME 09: 900/1087
2026-09-27T15:11:43.362Z PASS 09: 1087 frames in 6.3s
2026-09-27T15:11:43.370Z START 10: 1074 frames / 35.80 seconds
2026-09-27T15:11:45.739Z FRAME 10: 450/1074
2026-09-27T15:11:48.149Z FRAME 10: 900/1074
2026-09-27T15:11:49.282Z PASS 10: 1074 frames in 5.9s
2026-09-27T15:11:49.292Z START credits: 270 frames / 9.00 seconds
2026-09-27T15:11:50.689Z PASS credits: 270 frames in 1.4s
2026-09-27T15:11:55.715Z PASS: output/episode-02/episode-02.mp4 exported, 360.83 seconds
2026-09-27T23:44:03.747Z PASS: 31 storyboard frames rendered at 1920x1080; subtitles fit within two lines
2026-09-27T23:46:42.309Z START 01: 1031 frames / 34.37 seconds
2026-09-27T23:46:46.812Z FRAME 01: 450/1031
2026-09-27T23:46:51.861Z FRAME 01: 900/1031
2026-09-27T23:46:53.299Z PASS 01: 1031 frames in 11.0s
2026-09-27T23:46:53.305Z START 02: 1101 frames / 36.70 seconds
2026-09-27T23:46:56.854Z FRAME 02: 450/1101
2026-09-27T23:47:00.528Z FRAME 02: 900/1101
2026-09-27T23:47:02.245Z PASS 02: 1101 frames in 8.9s
2026-09-27T23:47:02.253Z START 03: 1000 frames / 33.33 seconds
2026-09-27T23:47:05.783Z FRAME 03: 450/1000
2026-09-27T23:47:09.354Z FRAME 03: 900/1000
2026-09-27T23:47:10.228Z PASS 03: 1000 frames in 8.0s
2026-09-27T23:47:10.236Z START 04: 1019 frames / 33.97 seconds
2026-09-27T23:47:14.003Z FRAME 04: 450/1019
2026-09-27T23:47:17.685Z FRAME 04: 900/1019
2026-09-27T23:47:18.677Z PASS 04: 1019 frames in 8.4s
2026-09-27T23:47:18.685Z START 05: 1032 frames / 34.40 seconds
2026-09-27T23:47:22.449Z FRAME 05: 450/1032
2026-09-27T23:47:26.062Z FRAME 05: 900/1032
2026-09-27T23:47:27.208Z PASS 05: 1032 frames in 8.5s
2026-09-27T23:47:27.217Z START 06: 1023 frames / 34.10 seconds
2026-09-27T23:47:31.215Z FRAME 06: 450/1023
2026-09-27T23:47:34.746Z FRAME 06: 900/1023
2026-09-27T23:47:35.828Z PASS 06: 1023 frames in 8.6s
2026-09-27T23:47:35.843Z START 07: 1092 frames / 36.40 seconds
2026-09-27T23:47:39.649Z FRAME 07: 450/1092
2026-09-27T23:47:43.585Z FRAME 07: 900/1092
2026-09-27T23:47:45.378Z PASS 07: 1092 frames in 9.5s
2026-09-27T23:47:45.389Z START 08: 1096 frames / 36.53 seconds
2026-09-27T23:47:49.013Z FRAME 08: 450/1096
2026-09-27T23:47:52.650Z FRAME 08: 900/1096
2026-09-27T23:47:54.361Z PASS 08: 1096 frames in 9.0s
2026-09-27T23:47:54.374Z START 09: 1087 frames / 36.23 seconds
2026-09-27T23:47:58.029Z FRAME 09: 450/1087
2026-09-27T23:48:01.621Z FRAME 09: 900/1087
2026-09-27T23:48:03.284Z PASS 09: 1087 frames in 8.9s
2026-09-27T23:48:03.295Z START 10: 1254 frames / 41.80 seconds
2026-09-27T23:48:06.619Z FRAME 10: 450/1254
2026-09-27T23:48:09.872Z FRAME 10: 900/1254
2026-09-27T23:48:12.578Z PASS 10: 1254 frames in 9.3s
2026-09-27T23:48:12.585Z START credits: 270 frames / 9.00 seconds
2026-09-27T23:48:14.493Z PASS credits: 270 frames in 1.9s
2026-09-27T23:48:20.260Z PASS: output/episode-02/episode-02.mp4 exported, 366.83 seconds
