2026-09-27T15:39:42.813Z PASS: 31 storyboard frames rendered at 1920x1080; subtitles fit within two lines
2026-09-27T15:41:01.583Z START 01: 1098 frames / 36.60 seconds
2026-09-27T15:41:06.467Z FRAME 01: 450/1098
2026-09-27T15:41:11.244Z FRAME 01: 900/1098
2026-09-27T15:41:13.421Z PASS 01: 1098 frames in 11.8s
2026-09-27T15:41:13.430Z START 02: 1091 frames / 36.37 seconds
2026-09-27T15:41:18.096Z FRAME 02: 450/1091
2026-09-27T15:41:23.830Z FRAME 02: 900/1091
2026-09-27T15:41:26.497Z PASS 02: 1091 frames in 13.1s
2026-09-27T15:41:26.508Z START 03: 1145 frames / 38.17 seconds
2026-09-27T15:41:33.022Z FRAME 03: 450/1145
2026-09-27T15:41:38.872Z FRAME 03: 900/1145
2026-09-27T15:41:42.057Z PASS 03: 1145 frames in 15.6s
2026-09-27T15:41:42.070Z START 04: 1150 frames / 38.33 seconds
2026-09-27T15:41:47.522Z FRAME 04: 450/1150
2026-09-27T15:41:53.415Z FRAME 04: 900/1150
2026-09-27T15:41:57.092Z PASS 04: 1150 frames in 15.0s
2026-09-27T15:41:57.105Z START 05: 1122 frames / 37.40 seconds
2026-09-27T15:42:02.906Z FRAME 05: 450/1122
2026-09-27T15:42:08.371Z FRAME 05: 900/1122
2026-09-27T15:42:11.161Z PASS 05: 1122 frames in 14.1s
2026-09-27T15:42:11.175Z START 06: 1139 frames / 37.97 seconds
2026-09-27T15:42:16.564Z FRAME 06: 450/1139
2026-09-27T15:42:22.139Z FRAME 06: 900/1139
2026-09-27T15:42:25.070Z PASS 06: 1139 frames in 13.9s
2026-09-27T15:42:25.082Z START 07: 1177 frames / 39.23 seconds
2026-09-27T15:42:31.166Z FRAME 07: 450/1177
2026-09-27T15:42:37.018Z FRAME 07: 900/1177
2026-09-27T15:42:40.630Z PASS 07: 1177 frames in 15.6s
2026-09-27T15:42:40.641Z START 08: 1117 frames / 37.23 seconds
2026-09-27T15:42:46.493Z FRAME 08: 450/1117
2026-09-27T15:42:52.548Z FRAME 08: 900/1117
2026-09-27T15:42:55.531Z PASS 08: 1117 frames in 14.9s
2026-09-27T15:42:55.542Z START 09: 1112 frames / 37.07 seconds
2026-09-27T15:43:01.206Z FRAME 09: 450/1112
2026-09-27T15:43:06.492Z FRAME 09: 900/1112
2026-09-27T15:43:09.067Z PASS 09: 1112 frames in 13.5s
2026-09-27T15:43:09.080Z START 10: 1078 frames / 35.93 seconds
2026-09-27T15:43:16.104Z FRAME 10: 450/1078
2026-09-27T15:43:21.819Z FRAME 10: 900/1078
2026-09-27T15:43:23.934Z PASS 10: 1078 frames in 14.9s
2026-09-27T15:43:23.944Z START credits: 270 frames / 9.00 seconds
2026-09-27T15:43:26.934Z PASS credits: 270 frames in 3.0s
2026-09-27T15:43:34.089Z PASS: output/episode-05/episode-05.mp4 exported, 383.30 seconds
2026-09-27T15:45:28.193Z PASS: 31 storyboard frames rendered at 1920x1080; subtitles fit within two lines
2026-09-27T15:45:28.522Z START 01: 1098 frames / 36.60 seconds
2026-09-27T15:45:33.342Z FRAME 01: 450/1098
2026-09-27T15:45:38.055Z FRAME 01: 900/1098
2026-09-27T15:45:40.215Z PASS 01: 1098 frames in 11.7s
2026-09-27T15:45:40.225Z START 02: 1091 frames / 36.37 seconds
2026-09-27T15:45:44.979Z FRAME 02: 450/1091
2026-09-27T15:45:50.706Z FRAME 02: 900/1091
2026-09-27T15:45:53.298Z PASS 02: 1091 frames in 13.1s
2026-09-27T15:45:53.311Z START 03: 1145 frames / 38.17 seconds
2026-09-27T15:45:59.797Z FRAME 03: 450/1145
2026-09-27T15:46:05.414Z FRAME 03: 900/1145
2026-09-27T15:46:08.569Z PASS 03: 1145 frames in 15.3s
2026-09-27T15:46:08.578Z START 04: 1150 frames / 38.33 seconds
2026-09-27T15:46:13.946Z FRAME 04: 450/1150
2026-09-27T15:46:19.881Z FRAME 04: 900/1150
2026-09-27T15:46:23.323Z PASS 04: 1150 frames in 14.8s
2026-09-27T15:46:23.334Z START 05: 1122 frames / 37.40 seconds
2026-09-27T15:46:28.889Z FRAME 05: 450/1122
2026-09-27T15:46:34.302Z FRAME 05: 900/1122
2026-09-27T15:46:37.065Z PASS 05: 1122 frames in 13.7s
2026-09-27T15:46:37.076Z START 06: 1139 frames / 37.97 seconds
2026-09-27T15:46:42.513Z FRAME 06: 450/1139
2026-09-27T15:46:48.149Z FRAME 06: 900/1139
2026-09-27T15:46:51.030Z PASS 06: 1139 frames in 14.0s
2026-09-27T15:46:51.040Z START 07: 1177 frames / 39.23 seconds
2026-09-27T15:46:56.964Z FRAME 07: 450/1177
2026-09-27T15:47:02.764Z FRAME 07: 900/1177
2026-09-27T15:47:06.427Z PASS 07: 1177 frames in 15.4s
2026-09-27T15:47:06.438Z START 08: 1117 frames / 37.23 seconds
2026-09-27T15:47:12.323Z FRAME 08: 450/1117
2026-09-27T15:47:18.343Z FRAME 08: 900/1117
2026-09-27T15:47:21.380Z PASS 08: 1117 frames in 15.0s
2026-09-27T15:47:21.391Z START 09: 1112 frames / 37.07 seconds
2026-09-27T15:47:27.266Z FRAME 09: 450/1112
2026-09-27T15:47:32.649Z FRAME 09: 900/1112
2026-09-27T15:47:35.052Z PASS 09: 1112 frames in 13.7s
2026-09-27T15:47:35.064Z START 10: 1078 frames / 35.93 seconds
2026-09-27T15:47:41.980Z FRAME 10: 450/1078
2026-09-27T15:47:47.449Z FRAME 10: 900/1078
2026-09-27T15:47:49.657Z PASS 10: 1078 frames in 14.6s
2026-09-27T15:47:49.668Z START credits: 270 frames / 9.00 seconds
2026-09-27T15:47:52.568Z PASS credits: 270 frames in 2.9s
2026-09-27T15:48:00.279Z PASS: output/episode-05/episode-05.mp4 exported, 383.30 seconds
2026-09-27T15:51:56.992Z PASS: 31 storyboard frames rendered at 1920x1080; subtitles fit within two lines
2026-09-27T15:51:57.326Z START 01: 1098 frames / 36.60 seconds
2026-09-27T15:52:00.340Z FRAME 01: 450/1098
2026-09-27T15:52:03.230Z FRAME 01: 900/1098
2026-09-27T15:52:04.577Z PASS 01: 1098 frames in 7.3s
2026-09-27T15:52:04.584Z START 02: 1091 frames / 36.37 seconds
2026-09-27T15:52:07.582Z FRAME 02: 450/1091
2026-09-27T15:52:10.629Z FRAME 02: 900/1091
2026-09-27T15:52:11.948Z PASS 02: 1091 frames in 7.4s
2026-09-27T15:52:11.959Z START 03: 1145 frames / 38.17 seconds
2026-09-27T15:52:15.364Z FRAME 03: 450/1145
2026-09-27T15:52:18.479Z FRAME 03: 900/1145
2026-09-27T15:52:20.272Z PASS 03: 1145 frames in 8.3s
2026-09-27T15:52:20.278Z START 04: 1150 frames / 38.33 seconds
2026-09-27T15:52:23.341Z FRAME 04: 450/1150
2026-09-27T15:52:26.495Z FRAME 04: 900/1150
2026-09-27T15:52:28.347Z PASS 04: 1150 frames in 8.1s
2026-09-27T15:52:28.357Z START 05: 1122 frames / 37.40 seconds
2026-09-27T15:52:31.464Z FRAME 05: 450/1122
2026-09-27T15:52:34.502Z FRAME 05: 900/1122
2026-09-27T15:52:36.136Z PASS 05: 1122 frames in 7.8s
2026-09-27T15:52:36.144Z START 06: 1139 frames / 37.97 seconds
2026-09-27T15:52:39.223Z FRAME 06: 450/1139
2026-09-27T15:52:42.408Z FRAME 06: 900/1139
2026-09-27T15:52:44.156Z PASS 06: 1139 frames in 8.0s
2026-09-27T15:52:44.164Z START 07: 1177 frames / 39.23 seconds
2026-09-27T15:52:47.231Z FRAME 07: 450/1177
2026-09-27T15:52:50.246Z FRAME 07: 900/1177
2026-09-27T15:52:52.245Z PASS 07: 1177 frames in 8.1s
2026-09-27T15:52:52.255Z START 08: 1117 frames / 37.23 seconds
2026-09-27T15:52:55.297Z FRAME 08: 450/1117
2026-09-27T15:52:58.311Z FRAME 08: 900/1117
2026-09-27T15:52:59.940Z PASS 08: 1117 frames in 7.7s
2026-09-27T15:52:59.949Z START 09: 1112 frames / 37.07 seconds
2026-09-27T15:53:03.045Z FRAME 09: 450/1112
2026-09-27T15:53:06.072Z FRAME 09: 900/1112
2026-09-27T15:53:07.493Z PASS 09: 1112 frames in 7.6s
2026-09-27T15:53:07.501Z START 10: 1078 frames / 35.93 seconds
2026-09-27T15:53:11.628Z FRAME 10: 450/1078
2026-09-27T15:53:14.892Z FRAME 10: 900/1078
2026-09-27T15:53:16.129Z PASS 10: 1078 frames in 8.6s
2026-09-27T15:53:16.141Z START credits: 270 frames / 9.00 seconds
2026-09-27T15:53:17.800Z PASS credits: 270 frames in 1.7s
2026-09-27T15:53:23.435Z PASS: output/episode-05/episode-05.mp4 exported, 383.30 seconds
