2026-09-28T03:40:02.554Z SYNTHESIZE 01
2026-09-28T03:40:05.064Z READY 01: 12.000s, 3 cues
2026-09-28T03:40:05.064Z SYNTHESIZE 02
2026-09-28T03:40:07.119Z READY 02: 13.000s, 2 cues
2026-09-28T03:40:07.119Z SYNTHESIZE 03
2026-09-28T03:40:08.770Z READY 03: 8.933s, 1 cues
2026-09-28T03:40:08.770Z SYNTHESIZE 04
2026-09-28T03:40:10.500Z READY 04: 10.800s, 2 cues
2026-09-28T03:40:10.500Z SYNTHESIZE 05
2026-09-28T03:40:12.373Z READY 05: 13.367s, 2 cues
2026-09-28T03:40:12.373Z SYNTHESIZE 06
2026-09-28T03:40:14.254Z READY 06: 16.400s, 2 cues
2026-09-28T03:40:15.393Z PASS audio ready: 81.500s / 12 cues
2026-09-28T03:40:57.226Z PASS: 24 transition/state previews and credits generated
2026-09-28T03:42:45.301Z PASS: 24 transition/state previews and credits generated
2026-09-28T03:42:45.506Z FRAME 0/2445
2026-09-28T03:42:49.266Z FRAME 600/2445
2026-09-28T03:42:52.873Z FRAME 1200/2445
2026-09-28T03:42:56.345Z FRAME 1800/2445
2026-09-28T03:42:59.951Z FRAME 2400/2445
2026-09-28T03:43:01.238Z PASS: output/pilots/data-link/data-link.mp4 / 2445 frames / 81.500 seconds
